2026-10-01 03:36:43,042  INFO    cacador  === Rodada 'grade' em 01/10/2026 00:36 ===
2026-10-01 03:36:49,100  INFO    cacador  Cota: 1/250 buscas usadas neste mes.
2026-10-01 03:36:49,101  INFO    cacador  Grade 2027-04-16: 11 ofertas · faixa tipica do Google None
2026-10-01 03:36:55,671  INFO    cacador  Cota: 2/250 buscas usadas neste mes.
2026-10-01 03:36:55,672  INFO    cacador  Grade 2027-04-17: 12 ofertas · faixa tipica do Google None
2026-10-01 03:37:03,936  INFO    cacador  Cota: 3/250 buscas usadas neste mes.
2026-10-01 03:37:03,937  INFO    cacador  Grade 2027-04-18: 14 ofertas · faixa tipica do Google None
2026-10-01 03:37:16,260  INFO    cacador  Cota: 4/250 buscas usadas neste mes.
2026-10-01 03:37:16,261  INFO    cacador  Comparativo ida e volta (2027-04-18 → 2027-04-25): a partir de R$ 5071
2026-10-01 03:37:16,277  INFO    cacador  Alertas enviados nesta rodada: 0
2026-10-01 03:37:16,326  INFO    src.dashboard  Painel gerado em /home/runner/work/cacador-de-tarifas/cacador-de-tarifas/docs/index.html
2026-10-01 03:37:16,326  INFO    cacador  === Fim da rodada. Historico com 3554 ofertas. ===
2026-10-01 16:06:14,523  INFO    cacador  === Rodada 'varredura' em 01/10/2026 13:06 ===
2026-10-01 16:06:14,664  INFO    cacador  Varredura BSB-AMS: 0 ofertas na janela.
2026-10-01 16:06:14,691  INFO    cacador  Varredura BSB-CPH: 0 ofertas na janela.
2026-10-01 16:06:14,719  INFO    cacador  Varredura BSB-FRA: 0 ofertas na janela.
2026-10-01 16:06:14,746  INFO    cacador  Varredura BSB-MUC: 0 ofertas na janela.
2026-10-01 16:06:14,829  INFO    cacador  Varredura BSB-BER: 0 ofertas na janela.
2026-10-01 16:06:14,879  INFO    cacador  Varredura BSB-VIE: 0 ofertas na janela.
2026-10-01 16:06:14,945  INFO    cacador  Varredura GRU-AMS: 0 ofertas na janela.
2026-10-01 16:06:14,972  INFO    cacador  Varredura GRU-CPH: 0 ofertas na janela.
2026-10-01 16:06:15,001  INFO    cacador  Varredura GRU-FRA: 0 ofertas na janela.
2026-10-01 16:06:15,055  INFO    cacador  Varredura GRU-MUC: 0 ofertas na janela.
2026-10-01 16:06:15,128  INFO    cacador  Varredura GRU-BER: 0 ofertas na janela.
2026-10-01 16:06:15,160  INFO    cacador  Varredura GRU-VIE: 0 ofertas na janela.
2026-10-01 16:06:15,196  INFO    cacador  Varredura GIG-AMS: 0 ofertas na janela.
2026-10-01 16:06:15,248  INFO    cacador  Varredura GIG-CPH: 0 ofertas na janela.
2026-10-01 16:06:15,349  INFO    cacador  Varredura GIG-FRA: 0 ofertas na janela.
2026-10-01 16:06:15,416  INFO    cacador  Varredura GIG-MUC: 0 ofertas na janela.
2026-10-01 16:06:15,443  INFO    cacador  Varredura GIG-BER: 0 ofertas na janela.
2026-10-01 16:06:15,551  INFO    cacador  Varredura GIG-VIE: 0 ofertas na janela.
2026-10-01 16:06:15,551  INFO    cacador  Varredura concluida: 0 ofertas gravadas.
2026-10-01 16:06:15,601  INFO    src.dashboard  Painel gerado em /home/runner/work/cacador-de-tarifas/cacador-de-tarifas/docs/index.html
2026-10-01 16:06:15,601  INFO    cacador  === Fim da rodada. Historico com 3554 ofertas. ===
2026-10-01 17:11:38,027  INFO    cacador  === Rodada 'grade' em 01/10/2026 14:11 ===
2026-10-01 17:11:50,170  INFO    cacador  Cota: 5/250 buscas usadas neste mes.
2026-10-01 17:11:50,171  INFO    cacador  Grade 2027-04-19: 15 ofertas · faixa tipica do Google None
2026-10-01 17:11:50,195  ERROR   cacador  Grade 2027-04-20: Cota do SerpApi esgotada ou excesso de chamadas (429).
2026-10-01 17:11:50,216  ERROR   cacador  Grade 2027-04-21: Cota do SerpApi esgotada ou excesso de chamadas (429).
2026-10-01 17:11:50,237  ERROR   cacador  Grade 2027-04-22: Cota do SerpApi esgotada ou excesso de chamadas (429).
2026-10-01 17:11:50,245  INFO    cacador  Alertas enviados nesta rodada: 0
2026-10-01 17:11:50,295  INFO    src.dashboard  Painel gerado em /home/runner/work/cacador-de-tarifas/cacador-de-tarifas/docs/index.html
2026-10-01 17:11:50,295  INFO    cacador  === Fim da rodada. Historico com 3569 ofertas. ===
